[     385ms] [LOG] Live2D Cubism SDK Core Version 6.0.1 @ http://localhost:8082/SKYNovel_gallery/plugin_lib/live2dcubismcore.min.js:8
[   65019ms] [LOG] Live2D Cubism SDK Core Version 6.0.1 @ http://localhost:8082/SKYNovel_gallery/plugin_lib/live2dcubismcore.min.js:8
[  274104ms] [LOG] Live2D Cubism SDK Core Version 6.0.1 @ http://localhost:8082/SKYNovel_gallery/plugin_lib/live2dcubismcore.min.js:8
[  295731ms] [LOG] Live2D Cubism SDK Core Version 6.0.1 @ http://localhost:8082/SKYNovel_gallery/plugin_lib/live2dcubismcore.min.js:8
[  305710ms] [LOG] Live2D Cubism SDK Core Version 6.0.1 @ http://localhost:8082/SKYNovel_gallery/plugin_lib/live2dcubismcore.min.js:8
[  315303ms] [LOG] Live2D Cubism SDK Core Version 6.0.1 @ http://localhost:8082/SKYNovel_gallery/plugin_lib/live2dcubismcore.min.js:8
[  318395ms] [LOG] Live2D Cubism SDK Core Version 6.0.1 @ http://localhost:8082/SKYNovel_gallery/plugin_lib/live2dcubismcore.min.js:8
[  326953ms] [LOG] Live2D Cubism SDK Core Version 6.0.1 @ http://localhost:8082/SKYNovel_gallery/plugin_lib/live2dcubismcore.min.js:8
[  330118ms] [LOG] Live2D Cubism SDK Core Version 6.0.1 @ http://localhost:8082/SKYNovel_gallery/plugin_lib/live2dcubismcore.min.js:8
[  384982ms] [LOG] Live2D Cubism SDK Core Version 6.0.1 @ http://localhost:8082/SKYNovel_gallery/plugin_lib/live2dcubismcore.min.js:8
[ 1048918ms] [INFO] %c {E} [lay] 画像が見つかりません fn:bg サーチパスに存在しないファイル【bg】です color:#F30; @ http://localhost:8082/SKYNovel_gallery/@fs/Users/ugai/Documents/MacHD2/_Famibee/SKYNovel/bluesnovel/dist/ScriptMng.js?t=1787811774077:4936
[ 1048950ms] [LOG] Live2D Cubism SDK Core Version 6.0.1 @ http://localhost:8082/SKYNovel_gallery/plugin_lib/live2dcubismcore.min.js:8
[ 1055770ms] [LOG] Live2D Cubism SDK Core Version 6.0.1 @ http://localhost:8082/SKYNovel_gallery/plugin_lib/live2dcubismcore.min.js:8
[ 1340229ms] [LOG] Live2D Cubism SDK Core Version 6.0.1 @ http://localhost:8082/SKYNovel_gallery/plugin_lib/live2dcubismcore.min.js:8
[ 1348607ms] [LOG] Live2D Cubism SDK Core Version 6.0.1 @ http://localhost:8082/SKYNovel_gallery/plugin_lib/live2dcubismcore.min.js:8
[ 1413838ms] [LOG] Live2D Cubism SDK Core Version 6.0.1 @ http://localhost:8082/SKYNovel_gallery/plugin_lib/live2dcubismcore.min.js:8
[ 1725884ms] [LOG] Live2D Cubism SDK Core Version 6.0.1 @ http://localhost:8082/SKYNovel_gallery/plugin_lib/live2dcubismcore.min.js:8
[ 1799354ms] [LOG] Live2D Cubism SDK Core Version 6.0.1 @ http://localhost:8082/SKYNovel_gallery/plugin_lib/live2dcubismcore.min.js:8
[ 1818450ms] [LOG] Live2D Cubism SDK Core Version 6.0.1 @ http://localhost:8082/SKYNovel_gallery/plugin_lib/live2dcubismcore.min.js:8
[ 1824980ms] [LOG] Live2D Cubism SDK Core Version 6.0.1 @ http://localhost:8082/SKYNovel_gallery/plugin_lib/live2dcubismcore.min.js:8
[ 1834041ms] [LOG] Live2D Cubism SDK Core Version 6.0.1 @ http://localhost:8082/SKYNovel_gallery/plugin_lib/live2dcubismcore.min.js:8
[ 1843315ms] [LOG] Live2D Cubism SDK Core Version 6.0.1 @ http://localhost:8082/SKYNovel_gallery/plugin_lib/live2dcubismcore.min.js:8
[ 1854105ms] [LOG] Live2D Cubism SDK Core Version 6.0.1 @ http://localhost:8082/SKYNovel_gallery/plugin_lib/live2dcubismcore.min.js:8
[ 1870726ms] [LOG] Live2D Cubism SDK Core Version 6.0.1 @ http://localhost:8082/SKYNovel_gallery/plugin_lib/live2dcubismcore.min.js:8
[ 1883897ms] [LOG] Live2D Cubism SDK Core Version 6.0.1 @ http://localhost:8082/SKYNovel_gallery/plugin_lib/live2dcubismcore.min.js:8
[ 1899460ms] [LOG] Live2D Cubism SDK Core Version 6.0.1 @ http://localhost:8082/SKYNovel_gallery/plugin_lib/live2dcubismcore.min.js:8
[ 2148488ms] [LOG] Live2D Cubism SDK Core Version 6.0.1 @ http://localhost:8082/SKYNovel_gallery/plugin_lib/live2dcubismcore.min.js:8
[ 2491425ms] [LOG] Live2D Cubism SDK Core Version 6.0.1 @ http://localhost:8082/SKYNovel_gallery/plugin_lib/live2dcubismcore.min.js:8
[ 2544282ms] [LOG] Live2D Cubism SDK Core Version 6.0.1 @ http://localhost:8082/SKYNovel_gallery/plugin_lib/live2dcubismcore.min.js:8
[ 2596602ms] [LOG] Live2D Cubism SDK Core Version 6.0.1 @ http://localhost:8082/SKYNovel_gallery/plugin_lib/live2dcubismcore.min.js:8
[ 2863610ms] [LOG] Live2D Cubism SDK Core Version 6.0.1 @ http://localhost:8082/SKYNovel_gallery/plugin_lib/live2dcubismcore.min.js:8
[ 2888097ms] [LOG] Live2D Cubism SDK Core Version 6.0.1 @ http://localhost:8082/SKYNovel_gallery/plugin_lib/live2dcubismcore.min.js:8
[ 2921197ms] [LOG] Live2D Cubism SDK Core Version 6.0.1 @ http://localhost:8082/SKYNovel_gallery/plugin_lib/live2dcubismcore.min.js:8
[ 2994005ms] [LOG] Live2D Cubism SDK Core Version 6.0.1 @ http://localhost:8082/SKYNovel_gallery/plugin_lib/live2dcubismcore.min.js:8
[ 2999676ms] [LOG] Live2D Cubism SDK Core Version 6.0.1 @ http://localhost:8082/SKYNovel_gallery/plugin_lib/live2dcubismcore.min.js:8
[ 3261529ms] [LOG] Live2D Cubism SDK Core Version 6.0.1 @ http://localhost:8082/SKYNovel_gallery/plugin_lib/live2dcubismcore.min.js:8
[ 3278648ms] [LOG] Live2D Cubism SDK Core Version 6.0.1 @ http://localhost:8082/SKYNovel_gallery/plugin_lib/live2dcubismcore.min.js:8
[ 3675908ms] [LOG] [vite] server connection lost. Polling for restart... @ http://localhost:8082/SKYNovel_gallery/@vite/client:1002
[ 3713968ms] [LOG] Live2D Cubism SDK Core Version 6.0.1 @ http://localhost:8082/SKYNovel_gallery/plugin_lib/live2dcubismcore.min.js:8
[ 5426717ms] ReferenceError: Layer is not defined
    at http://localhost:8082/SKYNovel_gallery/src/plugin/live2d_layer/Live2DLayer.ts?t=1787817255248:184:34
[ 5432513ms] The requested module '/SKYNovel_gallery/@fs/Users/ugai/Documents/MacHD2/_Famibee/SKYNovel/bluesnovel/dist/web.js' does not provide an export named 'PlgLayer'
[ 5455246ms] The requested module '/SKYNovel_gallery/@fs/Users/ugai/Documents/MacHD2/_Famibee/SKYNovel/bluesnovel/dist/web.js' does not provide an export named 'PlgLayer'
[ 5460776ms] The requested module '/SKYNovel_gallery/@fs/Users/ugai/Documents/MacHD2/_Famibee/SKYNovel/bluesnovel/dist/web.js' does not provide an export named 'PlgLayer'
[ 5466076ms] The requested module '/SKYNovel_gallery/@fs/Users/ugai/Documents/MacHD2/_Famibee/SKYNovel/bluesnovel/dist/web.js' does not provide an export named 'PlgLayer'
[ 5480403ms] The requested module '/SKYNovel_gallery/@fs/Users/ugai/Documents/MacHD2/_Famibee/SKYNovel/bluesnovel/dist/web.js' does not provide an export named 'PlgLayer'
[ 5508944ms] ReferenceError: Layer is not defined
    at http://localhost:8082/SKYNovel_gallery/src/plugin/3d_layer/ThreeDLayer.ts?t=1787817338020:6:34
[ 5514442ms] Private field '#uniq_num' must be declared in an enclosing class
[ 5525275ms] The requested module '/SKYNovel_gallery/@fs/Users/ugai/Documents/MacHD2/_Famibee/SKYNovel/bluesnovel/dist/web.js' does not provide an export named 'PlgLayer'
[ 5536460ms] The requested module '/SKYNovel_gallery/@fs/Users/ugai/Documents/MacHD2/_Famibee/SKYNovel/bluesnovel/dist/web.js' does not provide an export named 'PlgLayer'
[ 5546376ms] The requested module '/SKYNovel_gallery/@fs/Users/ugai/Documents/MacHD2/_Famibee/SKYNovel/bluesnovel/dist/web.js' does not provide an export named 'PlgLayer'
[ 5579297ms] [WARNING]     at #Y (http://localhost:8082/SKYNovel_gallery/@fs/Users/ugai/Documents/MacHD2/_Famibee/SKYNovel/skynovel_esm/dist/ScriptIterator.js:510:6)
    at #U (http://localhost:8082/SKYNovel_gallery/@fs/Users/ugai/Documents/MacHD2/_Famibee/SKYNovel/skynovel_esm/dist/ScriptIterator.js:455:67)
    at t.jump (http://localhost:8082/SKYNovel_gallery/@fs/Users/ugai/Documents/MacHD2/_Famibee/SKYNovel/skynovel_esm/dist/ScriptIterator.js:50:353)
    at $.init (http://localhost:8082/SKYNovel_gallery/@fs/Users/ugai/Documents/MacHD2/_Famibee/SKYNovel/skynovel_esm/dist/Reading.js:3470:183)
    at new t (http://localhost:8082/SKYNovel_gallery/@fs/Users/ugai/Documents/MacHD2/_Famibee/SKYNovel/skynovel_esm/dist/EventMng.js:349:10)
    at #a (http://localhost:8082/SKYNovel_gallery/@fs/Users/ugai/Documents/MacHD2/_Famibee/SKYNovel/skynovel_esm/dist/Main.js:282:122)
    at async n.generate (http://localhost:8082/SKYNovel_gallery/@fs/Users/ugai/Documents/MacHD2/_Famibee/SKYNovel/skynovel_esm/dist/Main.js:227:10)
    at async p.run (http://localhost:8082/SKYNovel_gallery/@fs/Users/ugai/Documents/MacHD2/_Famibee/SKYNovel/skynovel_esm/dist/SysBase.js:59:38) @ http://localhost:8082/SKYNovel_gallery/@fs/Users/ugai/Documents/MacHD2/_Famibee/SKYNovel/skynovel_esm/dist/pixi.js:2712
[ 5579793ms] [LOG] Live2D Cubism SDK Core Version 6.0.1 @ http://localhost:8082/SKYNovel_gallery/plugin_lib/live2dcubismcore.min.js:8
[ 5605057ms] [ERROR] Main.generate err e:%o TypeError: b.init is not a function
    at new e (http://localhost:8082/SKYNovel_gallery/@fs/Users/ugai/Documents/MacHD2/_Famibee/SKYNovel/skynovel_esm/dist/LayerMng.js?t=1787817433315:332:151)
    at #a (http://localhost:8082/SKYNovel_gallery/@fs/Users/ugai/Documents/MacHD2/_Famibee/SKYNovel/skynovel_esm/dist/Main.js?t=1787817433315:282:16)
    at async n.generate (http://localhost:8082/SKYNovel_gallery/@fs/Users/ugai/Documents/MacHD2/_Famibee/SKYNovel/skynovel_esm/dist/Main.js?t=1787817433315:227:10)
    at async p.run (http://localhost:8082/SKYNovel_gallery/@fs/Users/ugai/Documents/MacHD2/_Famibee/SKYNovel/skynovel_esm/dist/SysBase.js?t=1787817433315:59:38)
    at async p.run (http://localhost:8082/SKYNovel_gallery/@fs/Users/ugai/Documents/MacHD2/_Famibee/SKYNovel/skynovel_esm/dist/SysBase.js?t=1787817433315:60:6)
    at async p.loaded (http://localhost:8082/SKYNovel_gallery/@fs/Users/ugai/Documents/MacHD2/_Famibee/SKYNovel/skynovel_esm/dist/web.js?t=1787817433315:59:37) @ http://localhost:8082/SKYNovel_gallery/@fs/Users/ugai/Documents/MacHD2/_Famibee/SKYNovel/skynovel_esm/dist/Main.js?t=1787817433315:227
[ 5610822ms] [WARNING]     at #Y (http://localhost:8082/SKYNovel_gallery/@fs/Users/ugai/Documents/MacHD2/_Famibee/SKYNovel/skynovel_esm/dist/ScriptIterator.js?t=1787817439262:510:6)
    at #U (http://localhost:8082/SKYNovel_gallery/@fs/Users/ugai/Documents/MacHD2/_Famibee/SKYNovel/skynovel_esm/dist/ScriptIterator.js?t=1787817439262:455:67)
    at t.jump (http://localhost:8082/SKYNovel_gallery/@fs/Users/ugai/Documents/MacHD2/_Famibee/SKYNovel/skynovel_esm/dist/ScriptIterator.js?t=1787817439262:50:353)
    at $.init (http://localhost:8082/SKYNovel_gallery/@fs/Users/ugai/Documents/MacHD2/_Famibee/SKYNovel/skynovel_esm/dist/Reading.js?t=1787817439262:3470:183)
    at new t (http://localhost:8082/SKYNovel_gallery/@fs/Users/ugai/Documents/MacHD2/_Famibee/SKYNovel/skynovel_esm/dist/EventMng.js?t=1787817439262:349:10)
    at #a (http://localhost:8082/SKYNovel_gallery/@fs/Users/ugai/Documents/MacHD2/_Famibee/SKYNovel/skynovel_esm/dist/Main.js?t=1787817439262:282:122)
    at async n.generate (http://localhost:8082/SKYNovel_gallery/@fs/Users/ugai/Documents/MacHD2/_Famibee/SKYNovel/skynovel_esm/dist/Main.js?t=1787817439262:227:10)
    at async p.run (http://localhost:8082/SKYNovel_gallery/@fs/Users/ugai/Documents/MacHD2/_Famibee/SKYNovel/skynovel_esm/dist/SysBase.js?t=1787817439262:59:38) @ http://localhost:8082/SKYNovel_gallery/@fs/Users/ugai/Documents/MacHD2/_Famibee/SKYNovel/skynovel_esm/dist/pixi.js?t=1787817439262:2712
[ 5610925ms] [LOG] Live2D Cubism SDK Core Version 6.0.1 @ http://localhost:8082/SKYNovel_gallery/plugin_lib/live2dcubismcore.min.js:8
[ 5619861ms] [WARNING]     at #Y (http://localhost:8082/SKYNovel_gallery/@fs/Users/ugai/Documents/MacHD2/_Famibee/SKYNovel/skynovel_esm/dist/ScriptIterator.js?t=1787817448358:510:6)
    at #U (http://localhost:8082/SKYNovel_gallery/@fs/Users/ugai/Documents/MacHD2/_Famibee/SKYNovel/skynovel_esm/dist/ScriptIterator.js?t=1787817448358:455:67)
    at t.jump (http://localhost:8082/SKYNovel_gallery/@fs/Users/ugai/Documents/MacHD2/_Famibee/SKYNovel/skynovel_esm/dist/ScriptIterator.js?t=1787817448358:50:353)
    at $.init (http://localhost:8082/SKYNovel_gallery/@fs/Users/ugai/Documents/MacHD2/_Famibee/SKYNovel/skynovel_esm/dist/Reading.js?t=1787817448358:3470:183)
    at new t (http://localhost:8082/SKYNovel_gallery/@fs/Users/ugai/Documents/MacHD2/_Famibee/SKYNovel/skynovel_esm/dist/EventMng.js?t=1787817448358:349:10)
    at #a (http://localhost:8082/SKYNovel_gallery/@fs/Users/ugai/Documents/MacHD2/_Famibee/SKYNovel/skynovel_esm/dist/Main.js?t=1787817448358:282:122)
    at async n.generate (http://localhost:8082/SKYNovel_gallery/@fs/Users/ugai/Documents/MacHD2/_Famibee/SKYNovel/skynovel_esm/dist/Main.js?t=1787817448358:227:10)
    at async p.run (http://localhost:8082/SKYNovel_gallery/@fs/Users/ugai/Documents/MacHD2/_Famibee/SKYNovel/skynovel_esm/dist/SysBase.js?t=1787817448358:59:38) @ http://localhost:8082/SKYNovel_gallery/@fs/Users/ugai/Documents/MacHD2/_Famibee/SKYNovel/skynovel_esm/dist/pixi.js?t=1787817448358:2712
[ 5619972ms] [LOG] Live2D Cubism SDK Core Version 6.0.1 @ http://localhost:8082/SKYNovel_gallery/plugin_lib/live2dcubismcore.min.js:8
[ 5686783ms] [WARNING]     at #Y (http://localhost:8082/SKYNovel_gallery/node_modules/@famibee/skynovel_esm/dist/ScriptIterator.js?v=eec53024:510:6)
    at #U (http://localhost:8082/SKYNovel_gallery/node_modules/@famibee/skynovel_esm/dist/ScriptIterator.js?v=eec53024:455:67)
    at t.jump (http://localhost:8082/SKYNovel_gallery/node_modules/@famibee/skynovel_esm/dist/ScriptIterator.js?v=eec53024:50:353)
    at $.init (http://localhost:8082/SKYNovel_gallery/node_modules/@famibee/skynovel_esm/dist/Reading.js?v=eec53024:3471:183)
    at new t (http://localhost:8082/SKYNovel_gallery/node_modules/@famibee/skynovel_esm/dist/EventMng.js?v=eec53024:349:10)
    at #a (http://localhost:8082/SKYNovel_gallery/node_modules/@famibee/skynovel_esm/dist/Main.js?v=eec53024:275:122)
    at async n.generate (http://localhost:8082/SKYNovel_gallery/node_modules/@famibee/skynovel_esm/dist/Main.js?v=eec53024:222:10)
    at async f.run (http://localhost:8082/SKYNovel_gallery/node_modules/@famibee/skynovel_esm/dist/SysBase.js?v=eec53024:59:38) @ http://localhost:8082/SKYNovel_gallery/node_modules/@famibee/skynovel_esm/dist/pixi.js?v=eec53024:2712
[ 5686839ms] [INFO] %clayer:bg cls:grp %o color:#05A; {back: Object, fore: Object} @ http://localhost:8082/SKYNovel_gallery/node_modules/@famibee/skynovel_esm/dist/LayerMng.js?v=eec53024:784
[ 5686840ms] [INFO] 🥟 [dump_val] {tmp: Object, sys: Object, save: Object, mp: Object} @ http://localhost:8082/SKYNovel_gallery/node_modules/@famibee/skynovel_esm/dist/Variable.js?v=eec53024:335
[ 5686840ms] [INFO] 1: %c[title text='Live2Dレイヤ（技術デモ）'][call label=*init] color: black; background-color: skyblue; @ http://localhost:8082/SKYNovel_gallery/node_modules/@famibee/skynovel_esm/dist/ScriptIterator.js?v=eec53024:383
[ 5686840ms] [INFO] 2: %c color: black; background-color: skyblue; @ http://localhost:8082/SKYNovel_gallery/node_modules/@famibee/skynovel_esm/dist/ScriptIterator.js?v=eec53024:383
[ 5686840ms] [INFO] 3: %c[add_lay layer=bg class=grp] color: black; background-color: skyblue; @ http://localhost:8082/SKYNovel_gallery/node_modules/@famibee/skynovel_esm/dist/ScriptIterator.js?v=eec53024:383
[ 5686840ms] [INFO] 4: %c	[lay layer=bg fn=saiyuukan_you] color: black; background-color: skyblue; @ http://localhost:8082/SKYNovel_gallery/node_modules/@famibee/skynovel_esm/dist/ScriptIterator.js?v=eec53024:383
[ 5686840ms] [INFO] 5: %c%c[add_lay layer=l2d class=live2d] color: black; background-color: skyblue; color: black; background-color: pink; @ http://localhost:8082/SKYNovel_gallery/node_modules/@famibee/skynovel_esm/dist/ScriptIterator.js?v=eec53024:383
[ 5686840ms] [ERROR] %c{E} (fn:main line:5) [add_lay]例外 属性 class【live2d】が不正です color:#F30; @ http://localhost:8082/SKYNovel_gallery/node_modules/@famibee/skynovel_esm/dist/DebugMng.js?v=eec53024:64
[ 5697087ms] The requested module '/SKYNovel_gallery/node_modules/@famibee/skynovel_esm/dist/web.js?v=eec53024' does not provide an export named 'PlgLayer'
[ 5697245ms] The requested module '/SKYNovel_gallery/node_modules/@famibee/skynovel_esm/dist/web.js?v=eec53024' does not provide an export named 'PlgLayer'
[ 5717238ms] [ERROR] Failed to load resource: the server responded with a status of 500 (Internal Server Error) @ http://localhost:8082/SKYNovel_gallery/src/web.ts?t=1787817546315:0
[ 5724450ms] [WARNING]     at #Y (http://localhost:8082/SKYNovel_gallery/@fs/Users/ugai/Documents/MacHD2/_Famibee/SKYNovel/skynovel_esm/dist/ScriptIterator.js?t=1787817448358:510:6)
    at #U (http://localhost:8082/SKYNovel_gallery/@fs/Users/ugai/Documents/MacHD2/_Famibee/SKYNovel/skynovel_esm/dist/ScriptIterator.js?t=1787817448358:455:67)
    at t.jump (http://localhost:8082/SKYNovel_gallery/@fs/Users/ugai/Documents/MacHD2/_Famibee/SKYNovel/skynovel_esm/dist/ScriptIterator.js?t=1787817448358:50:353)
    at $.init (http://localhost:8082/SKYNovel_gallery/@fs/Users/ugai/Documents/MacHD2/_Famibee/SKYNovel/skynovel_esm/dist/Reading.js?t=1787817448358:3470:183)
    at new t (http://localhost:8082/SKYNovel_gallery/@fs/Users/ugai/Documents/MacHD2/_Famibee/SKYNovel/skynovel_esm/dist/EventMng.js?t=1787817448358:349:10)
    at #a (http://localhost:8082/SKYNovel_gallery/@fs/Users/ugai/Documents/MacHD2/_Famibee/SKYNovel/skynovel_esm/dist/Main.js?t=1787817448358:282:122)
    at async n.generate (http://localhost:8082/SKYNovel_gallery/@fs/Users/ugai/Documents/MacHD2/_Famibee/SKYNovel/skynovel_esm/dist/Main.js?t=1787817448358:227:10)
    at async p.run (http://localhost:8082/SKYNovel_gallery/@fs/Users/ugai/Documents/MacHD2/_Famibee/SKYNovel/skynovel_esm/dist/SysBase.js?t=1787817448358:59:38) @ http://localhost:8082/SKYNovel_gallery/@fs/Users/ugai/Documents/MacHD2/_Famibee/SKYNovel/skynovel_esm/dist/pixi.js?t=1787817448358:2712
[ 5724560ms] [LOG] Live2D Cubism SDK Core Version 6.0.1 @ http://localhost:8082/SKYNovel_gallery/plugin_lib/live2dcubismcore.min.js:8
[ 5975405ms] [LOG] [vite] server connection lost. Polling for restart... @ http://localhost:8082/SKYNovel_gallery/@vite/client:1002
